Compiling 4 files with Solc 0.8.26
Solc 0.8.26 finished in 5.92s
Compiler run successful with warnings:
Warning (2018): Function state mutability can be restricted to view
   --> test/Security.t.sol:337:5:
    |
337 |     function test_quotesAreStaticAndSideEffectFree() public {
    |     ^ (Relevant source part starts here and spans across multiple lines).


Ran 1 test for test/Security.t.sol:SecurityTest
[FAIL: next call did not revert as expected] test_routerConstructorRejectsZeroHook() (gas: 8456)
Suite result: FAILED. 0 passed; 1 failed; 0 skipped; finished in 755.74ms (119.68µs CPU time)

Ran 1 test for test/MainnetFork.t.sol:MainnetForkTest
[PASS] testFork_preparationMinesAndSimulatesDeployablePair() (gas: 154766688)
Suite result: ok. 1 passed; 0 failed; 0 skipped; finished in 3.01s (1.74s CPU time)

Ran 2 test suites in 3.01s (3.76s CPU time): 1 tests passed, 1 failed, 0 skipped (2 total tests)

Failing tests:
Encountered 1 failing test in test/Security.t.sol:SecurityTest
[FAIL: next call did not revert as expected] test_routerConstructorRejectsZeroHook() (gas: 8456)

Encountered a total of 1 failing tests, 1 tests succeeded

Tip: Run `forge test --rerun` to retry only the 1 failed test
Tip: Run `forge test --debug --match-test <TEST_NAME>` to inspect one failing test in the debugger
