Compiling 107 files with Solc 0.8.26
Solc 0.8.26 finished in 12.88s
Compiler run successful!

╭------------------------+------------------+-------------------+--------------------+---------------------╮
| Contract               | Runtime Size (B) | Initcode Size (B) | Runtime Margin (B) | Initcode Margin (B) |
+==========================================================================================================+
| ActionRouter           | 6,247            | 6,497             | 18,329             | 42,655              |
|------------------------+------------------+-------------------+--------------------+---------------------|
| BalanceDeltaLibrary    | 91               | 141               | 24,485             | 49,011              |
|------------------------+------------------+-------------------+--------------------+---------------------|
| BeforeSwapDeltaLibrary | 91               | 141               | 24,485             | 49,011              |
|------------------------+------------------+-------------------+--------------------+---------------------|
| CurrencyLibrary        | 101              | 151               | 24,475             | 49,001              |
|------------------------+------------------+-------------------+--------------------+---------------------|
| Equity                 | 8,347            | 8,543             | 16,229             | 40,609              |
|------------------------+------------------+-------------------+--------------------+---------------------|
| ExternalRouter         | 4,498            | 4,707             | 20,078             | 44,445              |
|------------------------+------------------+-------------------+--------------------+---------------------|
| FCS                    | 11,137           | 12,153            | 13,439             | 36,999              |
|------------------------+------------------+-------------------+--------------------+---------------------|
| FCSPrimaryHook         | 9,665            | 16,863            | 14,911             | 32,289              |
|------------------------+------------------+-------------------+--------------------+---------------------|
| FCSPrimaryRouter       | 4,447            | 5,040             | 20,129             | 44,112              |
|------------------------+------------------+-------------------+--------------------+---------------------|
| Frankencoin            | 7,400            | 16,249            | 17,176             | 32,903              |
|------------------------+------------------+-------------------+--------------------+---------------------|
| ImmutableState         | 121              | 244               | 24,455             | 48,908              |
|------------------------+------------------+-------------------+--------------------+---------------------|
| InertGovernanceFactory | 144              | 170               | 24,432             | 48,982              |
|------------------------+------------------+-------------------+--------------------+---------------------|
| LPFeeLibrary           | 157              | 207               | 24,419             | 48,945              |
|------------------------+------------------+-------------------+--------------------+---------------------|
| MathUtil               | 21               | 47                | 24,555             | 49,105              |
|------------------------+------------------+-------------------+--------------------+---------------------|
| OwnerWallet            | 601              | 732               | 23,975             | 48,420              |
|------------------------+------------------+-------------------+--------------------+---------------------|
| PoolManager            | 19,725           | 19,919            | 4,851              | 29,233              |
|------------------------+------------------+-------------------+--------------------+---------------------|
| PrimaryHandler         | 4,794            | 5,906             | 19,782             | 43,246              |
|------------------------+------------------+-------------------+--------------------+---------------------|
| ProtocolFeeLibrary     | 98               | 148               | 24,478             | 49,004              |
|------------------------+------------------+-------------------+--------------------+---------------------|
| StateLibrary           | 170              | 220               | 24,406             | 48,932              |
|------------------------+------------------+-------------------+--------------------+---------------------|
| TamperingManager       | 1,486            | 1,514             | 23,090             | 47,638              |
|------------------------+------------------+-------------------+--------------------+---------------------|
| TestERC20              | 1,619            | 1,893             | 22,957             | 47,259              |
╰------------------------+------------------+-------------------+--------------------+---------------------╯

