Compiling 100 files with Solc 0.8.26
Solc 0.8.26 finished in 3.77s
Compiler run successful!

Ran 1 test for test/ReviewGaps.t.sol:ReviewGapsTest
[FAIL: missing hook-level execution event: 0 != 1] test_hookExecutionEventBundledBuy() (gas: 431580)
Traces:
  [431580] ReviewGapsTest::test_hookExecutionEventBundledBuy()
    ├─ [2582] Frankencoin::balanceOf(0x00000000000000000000000000000000000A11cE) [staticcall]
    │   └─ ← [Return] 1000000000000000000000000 [1e24]
    ├─ [2649] FCS::balanceOf(0x00000000000000000000000000000000000A11cE) [staticcall]
    │   └─ ← [Return] 100000000000000000000 [1e20]
    ├─ [0] VM::recordLogs()
    │   └─ ← [Return]
    ├─ [0] VM::prank(0x00000000000000000000000000000000000A11cE)
    │   └─ ← [Return]
    ├─ [376409] FCSPrimaryRouter::swapExactInput(true, 1000000000000000000000 [1e21], 1, 0x00000000000000000000000000000000000A11cE, 1808640000 [1.808e9])
    │   ├─ [324973] PoolManager::unlock(0x00000000000000000000000000000000000000000000000000000000000a11ce00000000000000000000000000000000000000000000000000000000000a11ce000000000000000000000000000000000000000000000000000000000000000100000000000000000000000000000000000000000000003635c9adc5dea000000000000000000000000000000000000000000000000000000000000000000001000000000000000000000000000000000000000000000000000000006bcda800)
    │   │   ├─ [322679] FCSPrimaryRouter::unlockCallback(0x00000000000000000000000000000000000000000000000000000000000a11ce00000000000000000000000000000000000000000000000000000000000a11ce000000000000000000000000000000000000000000000000000000000000000100000000000000000000000000000000000000000000003635c9adc5dea000000000000000000000000000000000000000000000000000000000000000000001000000000000000000000000000000000000000000000000000000006bcda800)
    │   │   │   ├─ [369] PoolManager::exttload(0x495257786205950859063f260e7f58d39ba0c88bf73f843230d34d3d77573050) [staticcall]
    │   │   │   │   └─ ← [Return] 0x0000000000000000000000000000000000000000000000000000000000000000
    │   │   │   ├─ [369] PoolManager::exttload(0xf9ec638c100c61f0b364435ddb06030aebbcbd50378b9b0fd2fb236476990c34) [staticcall]
    │   │   │   │   └─ ← [Return] 0x0000000000000000000000000000000000000000000000000000000000000000
    │   │   │   ├─ [6221] PoolManager::sync(Frankencoin: [0x5615dEB798BB3E4dFa0139dFa1b3D433Cc23b72f])
    │   │   │   │   ├─ [2582] Frankencoin::balanceOf(PoolManager: [0xA4AD4f68d0b91CFD19687c881e50f3A00242828c]) [staticcall]
    │   │   │   │   │   └─ ← [Return] 0
    │   │   │   │   └─ ← [Stop]
    │   │   │   ├─ [30639] Frankencoin::transferFrom(0x00000000000000000000000000000000000A11cE, PoolManager: [0xA4AD4f68d0b91CFD19687c881e50f3A00242828c], 1000000000000000000000 [1e21])
    │   │   │   │   ├─ emit Transfer(from: 0x00000000000000000000000000000000000A11cE, to: PoolManager: [0xA4AD4f68d0b91CFD19687c881e50f3A00242828c], amount: 1000000000000000000000 [1e21])
    │   │   │   │   └─ ← [Return] true
    │   │   │   ├─ [3002] PoolManager::settle()
    │   │   │   │   ├─ [582] Frankencoin::balanceOf(PoolManager: [0xA4AD4f68d0b91CFD19687c881e50f3A00242828c]) [staticcall]
    │   │   │   │   │   └─ ← [Return] 1000000000000000000000 [1e21]
    │   │   │   │   └─ ← [Return] 1000000000000000000000 [1e21]
    │   │   │   ├─ [256903] PoolManager::swap(PoolKey({ currency0: 0x5615dEB798BB3E4dFa0139dFa1b3D433Cc23b72f, currency1: 0xc7183455a4C133Ae270771860664b6B7ec320bB1, fee: 0, tickSpacing: 1, hooks: 0x74226a01a32F995eC1bA964eB4a0f26d67EC6888 }), SwapParams({ zeroForOne: true, amountSpecified: -1000000000000000000000 [-1e21], sqrtPriceLimitX96: 4295128740 [4.295e9] }), 0x0000000000000000000000000000000000000000000000000000000000000001000000000000000000000000000000000000000000000000000000006bcda800)
    │   │   │   │   ├─ [237450] FCSPrimaryHook::beforeSwap(FCSPrimaryRouter: [0x880a7c014CF4CD629970fF934f44a0835e7A731a], PoolKey({ currency0: 0x5615dEB798BB3E4dFa0139dFa1b3D433Cc23b72f, currency1: 0xc7183455a4C133Ae270771860664b6B7ec320bB1, fee: 0, tickSpacing: 1, hooks: 0x74226a01a32F995eC1bA964eB4a0f26d67EC6888 }), SwapParams({ zeroForOne: true, amountSpecified: -1000000000000000000000 [-1e21], sqrtPriceLimitX96: 4295128740 [4.295e9] }), 0x0000000000000000000000000000000000000000000000000000000000000001000000000000000000000000000000000000000000000000000000006bcda800)
    │   │   │   │   │   ├─ [369] PoolManager::exttload(0x495257786205950859063f260e7f58d39ba0c88bf73f843230d34d3d77573050) [staticcall]
    │   │   │   │   │   │   └─ ← [Return] 0x00000000000000000000000000000000000000000000003635c9adc5dea00000
    │   │   │   │   │   ├─ [2582] Frankencoin::balanceOf(FCSPrimaryHook: [0x74226a01a32F995eC1bA964eB4a0f26d67EC6888]) [staticcall]
    │   │   │   │   │   │   └─ ← [Return] 0
    │   │   │   │   │   ├─ [2649] FCS::balanceOf(FCSPrimaryHook: [0x74226a01a32F995eC1bA964eB4a0f26d67EC6888]) [staticcall]
    │   │   │   │   │   │   └─ ← [Return] 0
    │   │   │   │   │   ├─ [25370] PoolManager::take(Frankencoin: [0x5615dEB798BB3E4dFa0139dFa1b3D433Cc23b72f], FCSPrimaryHook: [0x74226a01a32F995eC1bA964eB4a0f26d67EC6888], 1000000000000000000000 [1e21])
    │   │   │   │   │   │   ├─ [23282] Frankencoin::transfer(FCSPrimaryHook: [0x74226a01a32F995eC1bA964eB4a0f26d67EC6888], 1000000000000000000000 [1e21])
    │   │   │   │   │   │   │   ├─ emit Transfer(from: PoolManager: [0xA4AD4f68d0b91CFD19687c881e50f3A00242828c], to: FCSPrimaryHook: [0x74226a01a32F995eC1bA964eB4a0f26d67EC6888], amount: 1000000000000000000000 [1e21])
    │   │   │   │   │   │   │   └─ ← [Return] true
    │   │   │   │   │   │   └─ ← [Stop]
    │   │   │   │   │   ├─ [582] Frankencoin::balanceOf(FCSPrimaryHook: [0x74226a01a32F995eC1bA964eB4a0f26d67EC6888]) [staticcall]
    │   │   │   │   │   │   └─ ← [Return] 1000000000000000000000 [1e21]
    │   │   │   │   │   ├─ [137995] FCS::deposit(1000000000000000000000 [1e21], FCSPrimaryHook: [0x74226a01a32F995eC1bA964eB4a0f26d67EC6888])
    │   │   │   │   │   │   ├─ [27839] Frankencoin::transferFrom(FCSPrimaryHook: [0x74226a01a32F995eC1bA964eB4a0f26d67EC6888], FCS: [0xc7183455a4C133Ae270771860664b6B7ec320bB1], 1000000000000000000000 [1e21])
    │   │   │   │   │   │   │   ├─ emit Transfer(from: FCSPrimaryHook: [0x74226a01a32F995eC1bA964eB4a0f26d67EC6888], to: FCS: [0xc7183455a4C133Ae270771860664b6B7ec320bB1], amount: 1000000000000000000000 [1e21])
    │   │   │   │   │   │   │   └─ ← [Return] true
    │   │   │   │   │   │   ├─ [47763] Equity::invest(1000000000000000000000 [1e21], 0)
    │   │   │   │   │   │   │   ├─ [10739] Frankencoin::transferFrom(FCS: [0xc7183455a4C133Ae270771860664b6B7ec320bB1], Equity: [0x104fBc016F4bb334D775a19E8A6510109AC63E00], 1000000000000000000000 [1e21])
    │   │   │   │   │   │   │   │   ├─ emit Transfer(from: FCS: [0xc7183455a4C133Ae270771860664b6B7ec320bB1], to: Equity: [0x104fBc016F4bb334D775a19E8A6510109AC63E00], amount: 1000000000000000000000 [1e21])
    │   │   │   │   │   │   │   │   └─ ← [Return] true
    │   │   │   │   │   │   │   ├─ [2754] Frankencoin::equity() [staticcall]
    │   │   │   │   │   │   │   │   └─ ← [Return] 1001000000000000000000000 [1.001e24]
    │   │   │   │   │   │   │   ├─ emit Transfer(from: 0x0000000000000000000000000000000000000000, to: FCS: [0xc7183455a4C133Ae270771860664b6B7ec320bB1], amount: 332222949022762000 [3.322e17])
    │   │   │   │   │   │   │   ├─ [754] Frankencoin::equity() [staticcall]
    │   │   │   │   │   │   │   │   └─ ← [Return] 1001000000000000000000000 [1.001e24]
    │   │   │   │   │   │   │   ├─ [754] Frankencoin::equity() [staticcall]
    │   │   │   │   │   │   │   │   └─ ← [Return] 1001000000000000000000000 [1.001e24]
    │   │   │   │   │   │   │   ├─ emit Trade(who: FCS: [0xc7183455a4C133Ae270771860664b6B7ec320bB1], amount: 332222949022762000 [3.322e17], totPrice: 1000000000000000000000 [1e21], newprice: 3002002665821386625843 [3.002e21])
    │   │   │   │   │   │   │   └─ ← [Return] 332222949022762000 [3.322e17]
    │   │   │   │   │   │   ├─ emit Transfer(from: 0x0000000000000000000000000000000000000000, to: FCSPrimaryHook: [0x74226a01a32F995eC1bA964eB4a0f26d67EC6888], amount: 332222949022762000 [3.322e17])
    │   │   │   │   │   │   ├─ emit Deposit(sender: FCSPrimaryHook: [0x74226a01a32F995eC1bA964eB4a0f26d67EC6888], owner: FCSPrimaryHook: [0x74226a01a32F995eC1bA964eB4a0f26d67EC6888], assets: 1000000000000000000000 [1e21], shares: 332222949022762000 [3.322e17])
    │   │   │   │   │   │   └─ ← [Return] 332222949022762000 [3.322e17]
    │   │   │   │   │   ├─ [649] FCS::balanceOf(FCSPrimaryHook: [0x74226a01a32F995eC1bA964eB4a0f26d67EC6888]) [staticcall]
    │   │   │   │   │   │   └─ ← [Return] 332222949022762000 [3.322e17]
    │   │   │   │   │   ├─ [582] Frankencoin::balanceOf(FCSPrimaryHook: [0x74226a01a32F995eC1bA964eB4a0f26d67EC6888]) [staticcall]
    │   │   │   │   │   │   └─ ← [Return] 0
    │   │   │   │   │   ├─ [3788] PoolManager::sync(FCS: [0xc7183455a4C133Ae270771860664b6B7ec320bB1])
    │   │   │   │   │   │   ├─ [2649] FCS::balanceOf(PoolManager: [0xA4AD4f68d0b91CFD19687c881e50f3A00242828c]) [staticcall]
    │   │   │   │   │   │   │   └─ ← [Return] 0
    │   │   │   │   │   │   └─ ← [Stop]
    │   │   │   │   │   ├─ [48573] FCS::transfer(PoolManager: [0xA4AD4f68d0b91CFD19687c881e50f3A00242828c], 332222949022762000 [3.322e17])
    │   │   │   │   │   │   ├─ emit Transfer(from: FCSPrimaryHook: [0x74226a01a32F995eC1bA964eB4a0f26d67EC6888], to: PoolManager: [0xA4AD4f68d0b91CFD19687c881e50f3A00242828c], amount: 332222949022762000 [3.322e17])
    │   │   │   │   │   │   └─ ← [Return] true
    │   │   │   │   │   ├─ [3069] PoolManager::settle()
    │   │   │   │   │   │   ├─ [649] FCS::balanceOf(PoolManager: [0xA4AD4f68d0b91CFD19687c881e50f3A00242828c]) [staticcall]
    │   │   │   │   │   │   │   └─ ← [Return] 332222949022762000 [3.322e17]
    │   │   │   │   │   │   └─ ← [Return] 332222949022762000 [3.322e17]
    │   │   │   │   │   ├─ [649] FCS::balanceOf(FCSPrimaryHook: [0x74226a01a32F995eC1bA964eB4a0f26d67EC6888]) [staticcall]
    │   │   │   │   │   │   └─ ← [Return] 0
    │   │   │   │   │   └─ ← [Return] 0x575e24b4, 340282366920938463463714889798689149919463042384482745449456 [3.402e59], 0
    │   │   │   │   ├─ emit Swap(id: 0x93b961dbf0b6ec5cff4bc11c9a191adf694495cb25e2e098cd6f6cedae8ca21b, sender: FCSPrimaryRouter: [0x880a7c014CF4CD629970fF934f44a0835e7A731a], amount0: 0, amount1: 0, sqrtPriceX96: 79228162514264337593543950336 [7.922e28], liquidity: 0, tick: 0, fee: 0)
    │   │   │   │   └─ ← [Return] -340282366920938463463374607431768211455999667777050977238000 [-3.402e59]
    │   │   │   ├─ [369] PoolManager::exttload(0x495257786205950859063f260e7f58d39ba0c88bf73f843230d34d3d77573050) [staticcall]
    │   │   │   │   └─ ← [Return] 0x0000000000000000000000000000000000000000000000000000000000000000
    │   │   │   ├─ [369] PoolManager::exttload(0xf9ec638c100c61f0b364435ddb06030aebbcbd50378b9b0fd2fb236476990c34) [staticcall]
    │   │   │   │   └─ ← [Return] 0x000000000000000000000000000000000000000000000000049c4b030ebc0410
    │   │   │   ├─ [15651] PoolManager::take(FCS: [0xc7183455a4C133Ae270771860664b6B7ec320bB1], 0x00000000000000000000000000000000000A11cE, 332222949022762000 [3.322e17])
    │   │   │   │   ├─ [13573] FCS::transfer(0x00000000000000000000000000000000000A11cE, 332222949022762000 [3.322e17])
    │   │   │   │   │   ├─ emit Transfer(from: PoolManager: [0xA4AD4f68d0b91CFD19687c881e50f3A00242828c], to: 0x00000000000000000000000000000000000A11cE, amount: 332222949022762000 [3.322e17])
    │   │   │   │   │   └─ ← [Return] true
    │   │   │   │   └─ ← [Stop]
    │   │   │   ├─ [369] PoolManager::exttload(0xf9ec638c100c61f0b364435ddb06030aebbcbd50378b9b0fd2fb236476990c34) [staticcall]
    │   │   │   │   └─ ← [Return] 0x0000000000000000000000000000000000000000000000000000000000000000
    │   │   │   └─ ← [Return] 0x000000000000000000000000000000000000000000000000049c4b030ebc0410
    │   │   └─ ← [Return] 0x000000000000000000000000000000000000000000000000049c4b030ebc0410
    │   ├─ emit PrimarySwap(payer: 0x00000000000000000000000000000000000A11cE, recipient: 0x00000000000000000000000000000000000A11cE, buyFCS: true, amountIn: 1000000000000000000000 [1e21], amountOut: 332222949022762000 [3.322e17])
    │   └─ ← [Return] 332222949022762000 [3.322e17]
    ├─ [0] VM::getRecordedLogs()
    │   └─ ← [Return] [([0xddf252ad1be2c89b69c2b068fc378daa952ba7f163c4a11628f55a4df523b3ef, 0x00000000000000000000000000000000000000000000000000000000000a11ce, 0x000000000000000000000000a4ad4f68d0b91cfd19687c881e50f3a00242828c], 0x00000000000000000000000000000000000000000000003635c9adc5dea00000, 0x5615dEB798BB3E4dFa0139dFa1b3D433Cc23b72f), ([0xddf252ad1be2c89b69c2b068fc378daa952ba7f163c4a11628f55a4df523b3ef, 0x000000000000000000000000a4ad4f68d0b91cfd19687c881e50f3a00242828c, 0x00000000000000000000000074226a01a32f995ec1ba964eb4a0f26d67ec6888], 0x00000000000000000000000000000000000000000000003635c9adc5dea00000, 0x5615dEB798BB3E4dFa0139dFa1b3D433Cc23b72f), ([0xddf252ad1be2c89b69c2b068fc378daa952ba7f163c4a11628f55a4df523b3ef, 0x00000000000000000000000074226a01a32f995ec1ba964eb4a0f26d67ec6888, 0x000000000000000000000000c7183455a4c133ae270771860664b6b7ec320bb1], 0x00000000000000000000000000000000000000000000003635c9adc5dea00000, 0x5615dEB798BB3E4dFa0139dFa1b3D433Cc23b72f), ([0xddf252ad1be2c89b69c2b068fc378daa952ba7f163c4a11628f55a4df523b3ef, 0x000000000000000000000000c7183455a4c133ae270771860664b6b7ec320bb1, 0x000000000000000000000000104fbc016f4bb334d775a19e8a6510109ac63e00], 0x00000000000000000000000000000000000000000000003635c9adc5dea00000, 0x5615dEB798BB3E4dFa0139dFa1b3D433Cc23b72f), ([0xddf252ad1be2c89b69c2b068fc378daa952ba7f163c4a11628f55a4df523b3ef, 0x0000000000000000000000000000000000000000000000000000000000000000, 0x000000000000000000000000c7183455a4c133ae270771860664b6b7ec320bb1], 0x000000000000000000000000000000000000000000000000049c4b030ebc0410, 0x104fBc016F4bb334D775a19E8A6510109AC63E00), ([0xd98fb7c2b7c7b545387da80b92c08bc5d2a4b922fb74851c3d27ee07ca897bdf], 0x000000000000000000000000c7183455a4c133ae270771860664b6b7ec320bb1000000000000000000000000000000000000000000000000049c4b030ebc041000000000000000000000000000000000000000000000003635c9adc5dea000000000000000000000000000000000000000000000000000a2bd27ef45d370d333, 0x104fBc016F4bb334D775a19E8A6510109AC63E00), ([0xddf252ad1be2c89b69c2b068fc378daa952ba7f163c4a11628f55a4df523b3ef, 0x0000000000000000000000000000000000000000000000000000000000000000, 0x00000000000000000000000074226a01a32f995ec1ba964eb4a0f26d67ec6888], 0x000000000000000000000000000000000000000000000000049c4b030ebc0410, 0xc7183455a4C133Ae270771860664b6B7ec320bB1), ([0xdcbc1c05240f31ff3ad067ef1ee35ce4997762752e3a095284754544f4c709d7, 0x00000000000000000000000074226a01a32f995ec1ba964eb4a0f26d67ec6888, 0x00000000000000000000000074226a01a32f995ec1ba964eb4a0f26d67ec6888], 0x00000000000000000000000000000000000000000000003635c9adc5dea00000000000000000000000000000000000000000000000000000049c4b030ebc0410, 0xc7183455a4C133Ae270771860664b6B7ec320bB1), ([0xddf252ad1be2c89b69c2b068fc378daa952ba7f163c4a11628f55a4df523b3ef, 0x00000000000000000000000074226a01a32f995ec1ba964eb4a0f26d67ec6888, 0x000000000000000000000000a4ad4f68d0b91cfd19687c881e50f3a00242828c], 0x000000000000000000000000000000000000000000000000049c4b030ebc0410, 0xc7183455a4C133Ae270771860664b6B7ec320bB1), ([0x40e9cecb9f5f1f1c5b9c97dec2917b7ee92e57ba5563708daca94dd84ad7112f, 0x93b961dbf0b6ec5cff4bc11c9a191adf694495cb25e2e098cd6f6cedae8ca21b, 0x000000000000000000000000880a7c014cf4cd629970ff934f44a0835e7a731a], 0x000000000000000000000000000000000000000000000000000000000000000000000000000000000000000000000000000000000000000000000000000000000000000000000000000000000000000000000001000000000000000000000000000000000000000000000000000000000000000000000000000000000000000000000000000000000000000000000000000000000000000000000000000000000000000000000000000000000000000000000000000000000000000000000000, 0xA4AD4f68d0b91CFD19687c881e50f3A00242828c), ([0xddf252ad1be2c89b69c2b068fc378daa952ba7f163c4a11628f55a4df523b3ef, 0x000000000000000000000000a4ad4f68d0b91cfd19687c881e50f3a00242828c, 0x00000000000000000000000000000000000000000000000000000000000a11ce], 0x000000000000000000000000000000000000000000000000049c4b030ebc0410, 0xc7183455a4C133Ae270771860664b6B7ec320bB1), ([0xc18dbb9de3187744311a909803df1e47b5c4dd9bb07b7511a2d5eb3bff9f2997, 0x00000000000000000000000000000000000000000000000000000000000a11ce, 0x00000000000000000000000000000000000000000000000000000000000a11ce], 0x000000000000000000000000000000000000000000000000000000000000000100000000000000000000000000000000000000000000003635c9adc5dea00000000000000000000000000000000000000000000000000000049c4b030ebc0410, 0x880a7c014CF4CD629970fF934f44a0835e7A731a)]
    ├─ [0] VM::assertEq(0, 1, "missing hook-level execution event") [staticcall]
    │   └─ ← [Revert] missing hook-level execution event: 0 != 1
    └─ ← [Revert] missing hook-level execution event: 0 != 1

Backtrace:
  at VM.assertEq
  at ReviewGapsTest.test_hookExecutionEventBundledBuy

Suite result: FAILED. 0 passed; 1 failed; 0 skipped; finished in 352.86ms (683.01µs CPU time)

Ran 1 test suite in 366.19ms (352.86ms CPU time): 0 tests passed, 1 failed, 0 skipped (1 total tests)

Failing tests:
Encountered 1 failing test in test/ReviewGaps.t.sol:ReviewGapsTest
[FAIL: missing hook-level execution event: 0 != 1] test_hookExecutionEventBundledBuy() (gas: 431580)

Encountered a total of 1 failing tests, 0 tests succeeded

Tip: Run `forge test --rerun` to retry only the 1 failed test
Tip: Run `forge test --debug --match-test <TEST_NAME>` to inspect one failing test in the debugger
